// Jest Snapshot v1, https://goo.gl/fbAQLP

exports[`Valid Day should match snapshot 1`] = `"<div class=\\"day\\"><div class=\\"date\\">Понедельник 14 февраля 2022 года</div><img class=\\"overall\\" src=\\"https://img.icons8.com/small/32/000000/snow.png\\" alt=\\"weather-icon\\"/><div class=\\"temp\\">От <div class=\\"minTemp\\">-4</div> C° До <div class=\\"maxTemp\\">-1</div> C°</div><div class=\\"pressure\\">Давление: 1011 mBar</div><div class=\\"humidity\\">Влажность воздуха: 81%</div><div class=\\"uvIndex\\">UV Индекс: 0</div><div class=\\"windSpeed\\">Скорось ветра: 21 км\\\\час</div><div class=\\"windDir\\">Направление ветра: северный</div></div>"`;
