// Jest Snapshot v1, https://goo.gl/fbAQLP

exports[`Valid Day should match snapshot 1`] = `"<div class=\\"day\\"><div class=\\"date\\">Monday 14 february 2022 year</div><img class=\\"overall\\" src=\\"https://img.icons8.com/small/32/000000/snow.png\\" alt=\\"weather-icon\\"/><div class=\\"temp\\">From <div class=\\"minTemp\\">-4</div> C° To <div class=\\"maxTemp\\">-1</div> C°</div><div class=\\"pressure\\">Pressure: 1011 mBar</div><div class=\\"humidity\\">Humidity: 81%</div><div class=\\"uvIndex\\">UV Index: 0</div><div class=\\"windSpeed\\">Wind speed: 21 km\\\\hour</div><div class=\\"windDir\\">Wind direction: north</div></div>"`;
